21:43:51 581844
21:44:01 571608
21:44:11 571848
21:44:21 572088
21:44:31 572252
21:44:41 585068
21:44:51 571664
21:45:01 583008
21:45:11 589208
21:45:21 592860
21:45:31 594924
21:45:41 932616
21:45:51 984772
21:46:01 985400
21:46:12 979220
21:46:22 969760
21:46:32 969768
21:46:42 1033784
21:46:52 1029440
21:47:02 1030448
21:47:12 1032064
21:47:22 979000
21:47:32 979000
21:47:42 1019588
21:47:52 1001024
21:48:02 990060
21:48:12 990060
21:48:22 990060
21:48:32 990060
21:48:42 983184
21:48:52 977564
21:49:02 977564
21:49:12 977564
21:49:22 977564
21:49:32 977564
21:49:42 1007640
21:49:52 979892
21:50:02 979892
21:50:12 979892
21:50:22 979892
21:50:32 972388
21:50:42 992140
21:50:52 980624
21:51:02 980628
21:51:12 980628
21:51:22 958456
21:51:32 958456
21:51:42 996960
21:51:53 985072
21:52:03 964248
21:52:13 964256
21:52:23 964260
21:52:33 964268
21:52:43 1031256
21:52:53 1050644
21:53:03 1051236
21:53:13 1051812
21:53:23 1031092
21:53:33 1031100
21:53:43 1090004
21:53:53 1086168
21:54:03 1084376
21:54:13 1060076
21:54:23 1060076
21:54:33 1060076
21:54:43 1168840
21:54:53 1159884
21:55:03 1055592
21:55:13 1055592
21:55:23 1055592
21:55:33 1055592
21:55:43 1076380
21:55:53 1090896
21:56:03 1090920
21:56:13 1090924
21:56:23 1090928
21:56:33 1090936
21:56:44 1119128
21:56:54 1111908
21:57:04 1111908
21:57:14 1111908
21:57:24 845996
21:57:34 846016
21:57:44 878720
21:57:54 873848
21:58:04 873848
21:58:14 873848
21:58:24 873848
21:58:34 873860
21:58:44 876844
21:58:54 876844
21:59:04 885196
21:59:14 891252
21:59:24 897868
21:59:34 906280
21:59:44 960656
21:59:54 955848
22:00:04 956288
22:00:14 956492
22:00:24 956692
22:00:34 957056
22:00:44 964032
22:00:54 964240
22:01:04 964460
22:01:14 964664
